<html>
<body>
<pre>
<h1>礦ision Build Log</h1>
<h2>Project:</h2>
D:\学习\专业\研一\STM32学习\STM32\workspace\light\Template.uvproj
Project File Date:  10/28/2016

<h2>Output:</h2>
Build target 'Target 1'
compiling main.c...
compiling stm32f10x_it.c...
compiling public.c...
compiling core_cm3.c...
compiling system_stm32f10x.c...
assembling startup_stm32f10x_hd.s...
compiling stm32f10x_gpio.c...
compiling stm32f10x_rcc.c...
compiling stm32f10x_usart.c...
compiling misc.c...
compiling stm32f10x_exti.c...
compiling stm32f10x_tim.c...
compiling led.c...
compiling systick.c...
compiling pwm.c...
compiling rs485.c...
compiling beep.c...
compiling exti.c...
compiling key.c...
compiling smg.c...
compiling time.c...
compiling usart.c...
compiling light.c...
APP\light\light.c(48): warning:  #1-D: last line of file ends without a newline
APP\light\light.c:   }
APP\light\light.c:    ^
APP\light\light.c: APP\light\light.c: 1 warning, 0 errors
linking...
Program Size: Code=8288 RO-data=336 RW-data=44 ZI-data=1636  
FromELF: creating hex file...
".\output\工程模板.axf" - 0 Error(s), 1 Warning(s).
Build target 'Target 1'
compiling main.c...
user\main.c(15): error:  #5: cannot open source input file "ext_in.h": No such file or directory
user\main.c:   #include "ext_in.h"
user\main.c:                      ^
user\main.c: user\main.c: 0 warnings, 1 error
compiling stm32f10x_it.c...
compiling public.c...
compiling core_cm3.c...
compiling system_stm32f10x.c...
assembling startup_stm32f10x_hd.s...
compiling stm32f10x_gpio.c...
compiling stm32f10x_rcc.c...
compiling stm32f10x_usart.c...
compiling misc.c...
compiling stm32f10x_exti.c...
compiling stm32f10x_tim.c...
compiling led.c...
compiling systick.c...
compiling pwm.c...
compiling rs485.c...
compiling beep.c...
compiling exti.c...
compiling key.c...
compiling smg.c...
compiling time.c...
compiling usart.c...
compiling light.c...
APP\light\light.c(48): warning:  #1-D: last line of file ends without a newline
APP\light\light.c:   }
APP\light\light.c:    ^
APP\light\light.c: APP\light\light.c: 1 warning, 0 errors
Target not created
Build target 'Target 1'
compiling main.c...
user\main.c(15): error:  #5: cannot open source input file "ext_in.h": No such file or directory
user\main.c:   #include "ext_in.h"
user\main.c:                      ^
user\main.c: user\main.c: 0 warnings, 1 error
compiling stm32f10x_it.c...
user\stm32f10x_it.c(71): error:  #137: expression must be a modifiable lvalue
user\stm32f10x_it.c:            GPIO_ReadInputDataBit(GPIOA,GPIO_Pin_0)=Bit_SET
user\stm32f10x_it.c:            ^
user\stm32f10x_it.c(72): error:  #65: expected a ";"
user\stm32f10x_it.c:            if(GPIO_ReadInputDataBit(GPIOA,GPIO_Pin_0)==Bit_RESET)     //k_left按键按下
user\stm32f10x_it.c:            ^
user\stm32f10x_it.c(76): error:  #127: expected a statement
user\stm32f10x_it.c:                    else
user\stm32f10x_it.c:                    ^
user\stm32f10x_it.c(82): warning:  #12-D: parsing restarts here after previous syntax error
user\stm32f10x_it.c:            while(GPIO_ReadInputDataBit(GPIOA,GPIO_Pin_0)==0);
user\stm32f10x_it.c:                                                             ^
user\stm32f10x_it.c: user\stm32f10x_it.c: 1 warning, 3 errors
compiling public.c...
compiling core_cm3.c...
compiling system_stm32f10x.c...
assembling startup_stm32f10x_hd.s...
compiling stm32f10x_gpio.c...
compiling stm32f10x_rcc.c...
compiling stm32f10x_usart.c...
compiling misc.c...
compiling stm32f10x_exti.c...
compiling stm32f10x_tim.c...
compiling led.c...
compiling systick.c...
compiling pwm.c...
compiling rs485.c...
compiling beep.c...
compiling exti.c...
compiling key.c...
compiling smg.c...
compiling time.c...
compiling usart.c...
compiling light.c...
APP\light\light.c(48): warning:  #1-D: last line of file ends without a newline
APP\light\light.c:   }
APP\light\light.c:    ^
APP\light\light.c: APP\light\light.c: 1 warning, 0 errors
Target not created
Build target 'Target 1'
compiling main.c...
user\main.c(15): error:  #5: cannot open source input file "ext_in.h": No such file or directory
user\main.c:   #include "ext_in.h"
user\main.c:                      ^
user\main.c: user\main.c: 0 warnings, 1 error
compiling stm32f10x_it.c...
user\stm32f10x_it.c(71): error:  #137: expression must be a modifiable lvalue
user\stm32f10x_it.c:            GPIO_ReadInputDataBit(GPIOA,GPIO_Pin_0)=Bit_SET
user\stm32f10x_it.c:            ^
user\stm32f10x_it.c(72): error:  #65: expected a ";"
user\stm32f10x_it.c:            if(GPIO_ReadInputDataBit(GPIOA,GPIO_Pin_0)==Bit_RESET)     //k_left按键按下
user\stm32f10x_it.c:            ^
user\stm32f10x_it.c: user\stm32f10x_it.c: 0 warnings, 2 errors
compiling public.c...
compiling core_cm3.c...
compiling system_stm32f10x.c...
assembling startup_stm32f10x_hd.s...
compiling stm32f10x_gpio.c...
compiling stm32f10x_rcc.c...
compiling stm32f10x_usart.c...
compiling misc.c...
compiling stm32f10x_exti.c...
compiling stm32f10x_tim.c...
compiling led.c...
compiling systick.c...
compiling pwm.c...
compiling rs485.c...
compiling beep.c...
compiling exti.c...
compiling key.c...
compiling smg.c...
compiling time.c...
compiling usart.c...
compiling light.c...
APP\light\light.c(48): warning:  #1-D: last line of file ends without a newline
APP\light\light.c:   }
APP\light\light.c:    ^
APP\light\light.c: APP\light\light.c: 1 warning, 0 errors
Target not created
Build target 'Target 1'
compiling main.c...
user\main.c(15): error:  #5: cannot open source input file "ext_in.h": No such file or directory
user\main.c:   #include "ext_in.h"
user\main.c:                      ^
user\main.c: user\main.c: 0 warnings, 1 error
compiling stm32f10x_it.c...
user\stm32f10x_it.c(71): error:  #137: expression must be a modifiable lvalue
user\stm32f10x_it.c:            GPIO_ReadInputDataBit(GPIOA,GPIO_Pin_0)=Bit_SET  ;
user\stm32f10x_it.c:            ^
user\stm32f10x_it.c: user\stm32f10x_it.c: 0 warnings, 1 error
compiling public.c...
compiling core_cm3.c...
compiling system_stm32f10x.c...
assembling startup_stm32f10x_hd.s...
compiling stm32f10x_gpio.c...
compiling stm32f10x_rcc.c...
compiling stm32f10x_usart.c...
compiling misc.c...
compiling stm32f10x_exti.c...
compiling stm32f10x_tim.c...
compiling led.c...
compiling systick.c...
compiling pwm.c...
compiling rs485.c...
compiling beep.c...
compiling exti.c...
compiling key.c...
compiling smg.c...
compiling time.c...
compiling usart.c...
compiling light.c...
APP\light\light.c(48): warning:  #1-D: last line of file ends without a newline
APP\light\light.c:   }
APP\light\light.c:    ^
APP\light\light.c: APP\light\light.c: 1 warning, 0 errors
Target not created
Build target 'Target 1'
compiling main.c...
compiling stm32f10x_it.c...
user\stm32f10x_it.c(71): error:  #137: expression must be a modifiable lvalue
user\stm32f10x_it.c:            GPIO_ReadInputDataBit(GPIOA,GPIO_Pin_0)=Bit_SET  ;
user\stm32f10x_it.c:            ^
user\stm32f10x_it.c: user\stm32f10x_it.c: 0 warnings, 1 error
compiling public.c...
compiling core_cm3.c...
compiling system_stm32f10x.c...
assembling startup_stm32f10x_hd.s...
compiling stm32f10x_gpio.c...
compiling stm32f10x_rcc.c...
compiling stm32f10x_usart.c...
compiling misc.c...
compiling stm32f10x_exti.c...
compiling stm32f10x_tim.c...
compiling led.c...
compiling systick.c...
compiling pwm.c...
compiling rs485.c...
compiling beep.c...
compiling exti.c...
compiling key.c...
compiling smg.c...
compiling time.c...
compiling usart.c...
compiling light.c...
APP\light\light.c(48): warning:  #1-D: last line of file ends without a newline
APP\light\light.c:   }
APP\light\light.c:    ^
APP\light\light.c: APP\light\light.c: 1 warning, 0 errors
Target not created
Build target 'Target 1'
compiling main.c...
compiling stm32f10x_it.c...
compiling public.c...
compiling core_cm3.c...
compiling system_stm32f10x.c...
assembling startup_stm32f10x_hd.s...
compiling stm32f10x_gpio.c...
compiling stm32f10x_rcc.c...
compiling stm32f10x_usart.c...
compiling misc.c...
compiling stm32f10x_exti.c...
compiling stm32f10x_tim.c...
compiling led.c...
compiling systick.c...
compiling pwm.c...
compiling rs485.c...
compiling beep.c...
compiling exti.c...
compiling key.c...
compiling smg.c...
compiling time.c...
compiling usart.c...
compiling light.c...
APP\light\light.c(48): warning:  #1-D: last line of file ends without a newline
APP\light\light.c:   }
APP\light\light.c:    ^
APP\light\light.c: APP\light\light.c: 1 warning, 0 errors
linking...
Program Size: Code=8296 RO-data=336 RW-data=44 ZI-data=1636  
FromELF: creating hex file...
".\output\工程模板.axf" - 0 Error(s), 1 Warning(s).
Build target 'Target 1'
compiling main.c...
compiling stm32f10x_it.c...
compiling public.c...
compiling core_cm3.c...
compiling system_stm32f10x.c...
assembling startup_stm32f10x_hd.s...
compiling stm32f10x_gpio.c...
compiling stm32f10x_rcc.c...
compiling stm32f10x_usart.c...
compiling misc.c...
compiling stm32f10x_exti.c...
compiling stm32f10x_tim.c...
compiling led.c...
compiling systick.c...
compiling pwm.c...
compiling rs485.c...
compiling beep.c...
compiling exti.c...
compiling key.c...
compiling smg.c...
compiling time.c...
compiling usart.c...
compiling light.c...
APP\light\light.c(48): warning:  #1-D: last line of file ends without a newline
APP\light\light.c:   }
APP\light\light.c:    ^
APP\light\light.c: APP\light\light.c: 1 warning, 0 errors
linking...
Program Size: Code=8204 RO-data=336 RW-data=44 ZI-data=1636  
FromELF: creating hex file...
".\output\工程模板.axf" - 0 Error(s), 1 Warning(s).
Build target 'Target 1'
compiling main.c...
compiling stm32f10x_it.c...
compiling public.c...
compiling core_cm3.c...
compiling system_stm32f10x.c...
assembling startup_stm32f10x_hd.s...
compiling stm32f10x_gpio.c...
compiling stm32f10x_rcc.c...
compiling stm32f10x_usart.c...
compiling misc.c...
compiling stm32f10x_exti.c...
compiling stm32f10x_tim.c...
compiling led.c...
compiling systick.c...
compiling pwm.c...
compiling rs485.c...
compiling beep.c...
compiling exti.c...
compiling key.c...
compiling smg.c...
compiling time.c...
compiling usart.c...
compiling light.c...
APP\light\light.c(48): warning:  #1-D: last line of file ends without a newline
APP\light\light.c:   }
APP\light\light.c:    ^
APP\light\light.c: APP\light\light.c: 1 warning, 0 errors
linking...
Program Size: Code=8324 RO-data=336 RW-data=44 ZI-data=1636  
FromELF: creating hex file...
".\output\工程模板.axf" - 0 Error(s), 1 Warning(s).
Build target 'Target 1'
compiling main.c...
compiling stm32f10x_it.c...
compiling public.c...
compiling core_cm3.c...
compiling system_stm32f10x.c...
assembling startup_stm32f10x_hd.s...
compiling stm32f10x_gpio.c...
compiling stm32f10x_rcc.c...
compiling stm32f10x_usart.c...
compiling misc.c...
compiling stm32f10x_exti.c...
compiling stm32f10x_tim.c...
compiling led.c...
compiling systick.c...
compiling pwm.c...
compiling rs485.c...
compiling beep.c...
compiling exti.c...
compiling key.c...
compiling smg.c...
compiling time.c...
compiling usart.c...
compiling light.c...
APP\light\light.c(48): warning:  #1-D: last line of file ends without a newline
APP\light\light.c:   }
APP\light\light.c:    ^
APP\light\light.c: APP\light\light.c: 1 warning, 0 errors
linking...
Program Size: Code=8324 RO-data=336 RW-data=44 ZI-data=1636  
FromELF: creating hex file...
".\output\工程模板.axf" - 0 Error(s), 1 Warning(s).
Build target 'Target 1'
compiling main.c...
compiling stm32f10x_it.c...
compiling public.c...
compiling core_cm3.c...
compiling system_stm32f10x.c...
assembling startup_stm32f10x_hd.s...
compiling stm32f10x_gpio.c...
compiling stm32f10x_rcc.c...
compiling stm32f10x_usart.c...
compiling misc.c...
compiling stm32f10x_exti.c...
compiling stm32f10x_tim.c...
compiling led.c...
compiling systick.c...
compiling pwm.c...
compiling rs485.c...
compiling beep.c...
compiling exti.c...
compiling key.c...
compiling smg.c...
compiling time.c...
compiling usart.c...
compiling light.c...
APP\light\light.c(48): warning:  #1-D: last line of file ends without a newline
APP\light\light.c:   }
APP\light\light.c:    ^
APP\light\light.c: APP\light\light.c: 1 warning, 0 errors
linking...
Program Size: Code=8308 RO-data=336 RW-data=44 ZI-data=1636  
FromELF: creating hex file...
".\output\工程模板.axf" - 0 Error(s), 1 Warning(s).
