<html>
<body>
<pre>
<h1>礦ision Build Log</h1>
<h2>Project:</h2>
F:\STM32资料\实验程序\库函数版\实验11：RS485通信\工程模板\Template.uvproj
Project File Date:  11/07/2015

<h2>Output:</h2>
Rebuild target 'Target 1'
compiling main.c...
compiling stm32f10x_it.c...
compiling public.c...
compiling core_cm3.c...
compiling system_stm32f10x.c...
assembling startup_stm32f10x_hd.s...
compiling stm32f10x_gpio.c...
compiling stm32f10x_rcc.c...
compiling stm32f10x_usart.c...
compiling misc.c...
compiling stm32f10x_exti.c...
compiling stm32f10x_tim.c...
compiling led.c...
compiling systick.c...
compiling pwm.c...
compiling rs485.c...
compiling beep.c...
compiling exti.c...
compiling key.c...
compiling smg.c...
compiling time.c...
compiling usart.c...
linking...
Program Size: Code=8392 RO-data=336 RW-data=44 ZI-data=1636  
FromELF: creating hex file...
".\output\工程模板.axf" - 0 Error(s), 0 Warning(s).
</pre>
</body>
</html>
