<html>
<body>
<pre>
<h1>礦ision Build Log</h1>
<h2>Project:</h2>
D:\学习\专业\研一\STM32学习\STM32\workspace\EXIT\extrnal_interrupt.uvproj
Project File Date:  10/14/2016

<h2>Output:</h2>
Build target 'Target 1'
compiling main.c...
compiling stm32f10x_it.c...
compiling public.c...
compiling core_cm3.c...
compiling system_stm32f10x.c...
assembling startup_stm32f10x_hd.s...
compiling stm32f10x_gpio.c...
compiling stm32f10x_rcc.c...
compiling stm32f10x_exti.c...
compiling misc.c...
compiling led.c...
compiling beep.c...
APP\BEEP\beep.h(8): warning:  #1-D: last line of file ends without a newline
APP\BEEP\beep.h:                                                                                                
APP\BEEP\beep.h:                                                                                                ^
APP\BEEP\beep.c(22): warning:  #223-D: function "delay" declared implicitly
APP\BEEP\beep.c:         delay(i);
APP\BEEP\beep.c:         ^
APP\BEEP\beep.c: APP\BEEP\beep.c: 2 warnings, 0 errors
compiling systick.c...
compiling key.c...
compiling digital.c...
APP\DIGITAL\digital.c(45): warning:  #223-D: function "delay_ms" declared implicitly
APP\DIGITAL\digital.c:          delay_ms(1000);
APP\DIGITAL\digital.c:          ^
APP\DIGITAL\digital.c: APP\DIGITAL\digital.c: 1 warning, 0 errors
compiling ext_in.c...
linking...
Program Size: Code=3652 RO-data=336 RW-data=40 ZI-data=1632  
FromELF: creating hex file...
".\output\test.axf" - 0 Error(s), 3 Warning(s).
