<html>
<body>
<pre>
<h1>礦ision Build Log</h1>
<h2>Project:</h2>
D:\学习\专业\研一\STM32学习\BEEP\BEEP.uvproj
Project File Date:  10/13/2016

<h2>Output:</h2>
Build target 'Target 1'
compiling main.c...
compiling stm32f10x_it.c...
compiling core_cm3.c...
compiling system_stm32f10x.c...
assembling startup_stm32f10x_hd.s...
compiling stm32f10x_gpio.c...
compiling stm32f10x_rcc.c...
compiling led.c...
linking...
Program Size: Code=2744 RO-data=336 RW-data=40 ZI-data=1632  
FromELF: creating hex file...
".\output\test.axf" - 0 Error(s), 0 Warning(s).
Build target 'Target 1'
compiling main.c...
compiling stm32f10x_it.c...
compiling core_cm3.c...
compiling system_stm32f10x.c...
assembling startup_stm32f10x_hd.s...
compiling stm32f10x_gpio.c...
compiling stm32f10x_rcc.c...
compiling led.c...
compiling beep.c...
linking...
Program Size: Code=2744 RO-data=336 RW-data=40 ZI-data=1632  
FromELF: creating hex file...
".\output\test.axf" - 0 Error(s), 0 Warning(s).
Build target 'Target 1'
compiling main.c...
user\main.c(4): warning:  #223-D: function "BEEP_Init" declared implicitly
user\main.c:    BEEP_Init();
user\main.c:    ^
user\main.c(6): warning:  #223-D: function "beeping" declared implicitly
user\main.c:    beeping();
user\main.c:    ^
user\main.c: user\main.c: 2 warnings, 0 errors
compiling stm32f10x_it.c...
compiling core_cm3.c...
compiling system_stm32f10x.c...
assembling startup_stm32f10x_hd.s...
compiling stm32f10x_gpio.c...
compiling stm32f10x_rcc.c...
compiling led.c...
compiling beep.c...
APP\BEEP\beep.h(10): warning:  #1-D: last line of file ends without a newline
APP\BEEP\beep.h:   #endif                                                                                                                                       
APP\BEEP\beep.h:                                                                                                                                                ^
APP\BEEP\beep.c(25): warning:  #223-D: function "GPIO_RestBits" declared implicitly
APP\BEEP\beep.c:         GPIO_RestBits(GPIOB,BUZ);
APP\BEEP\beep.c:         ^
APP\BEEP\beep.c: APP\BEEP\beep.c: 2 warnings, 0 errors
linking...
.\output\test.axf: Error: L6200E: Symbol delay multiply defined (by beep.o and led.o).
.\output\test.axf: Not enough information to list image symbols.
.\output\test.axf: Not enough information to list the image map.
.\output\test.axf: Finished: 2 information, 0 warning and 1 error messages.
Target not created
Build target 'Target 1'
compiling main.c...
user\main.c(4): warning:  #223-D: function "BEEP_Init" declared implicitly
user\main.c:    BEEP_Init();
user\main.c:    ^
user\main.c(6): warning:  #223-D: function "beeping" declared implicitly
user\main.c:    beeping();
user\main.c:    ^
user\main.c: user\main.c: 2 warnings, 0 errors
compiling stm32f10x_it.c...
compiling core_cm3.c...
compiling system_stm32f10x.c...
assembling startup_stm32f10x_hd.s...
compiling stm32f10x_gpio.c...
compiling stm32f10x_rcc.c...
compiling led.c...
compiling beep.c...
APP\BEEP\beep.h(11): warning:  #1-D: last line of file ends without a newline
APP\BEEP\beep.h:                                                                                                                        
APP\BEEP\beep.h:                                                                                                                        ^
APP\BEEP\beep.h: APP\BEEP\beep.c: 1 warning, 0 errors
linking...
.\output\test.axf: Error: L6200E: Symbol delay multiply defined (by beep.o and led.o).
.\output\test.axf: Not enough information to list image symbols.
.\output\test.axf: Not enough information to list the image map.
.\output\test.axf: Finished: 2 information, 0 warning and 1 error messages.
Target not created
Build target 'Target 1'
compiling main.c...
user\main.c(4): warning:  #223-D: function "BEEP_Init" declared implicitly
user\main.c:    BEEP_Init();
user\main.c:    ^
user\main.c(6): warning:  #223-D: function "beeping" declared implicitly
user\main.c:    beeping();
user\main.c:    ^
user\main.c: user\main.c: 2 warnings, 0 errors
compiling stm32f10x_it.c...
compiling core_cm3.c...
compiling system_stm32f10x.c...
assembling startup_stm32f10x_hd.s...
compiling stm32f10x_gpio.c...
compiling stm32f10x_rcc.c...
compiling led.c...
compiling beep.c...
APP\BEEP\beep.h(12): warning:  #1-D: last line of file ends without a newline
APP\BEEP\beep.h:                                                                                                                        
APP\BEEP\beep.h:                                                                                                                        ^
APP\BEEP\beep.h: APP\BEEP\beep.c: 1 warning, 0 errors
linking...
.\output\test.axf: Error: L6200E: Symbol delay multiply defined (by beep.o and led.o).
.\output\test.axf: Not enough information to list image symbols.
.\output\test.axf: Not enough information to list the image map.
.\output\test.axf: Finished: 2 information, 0 warning and 1 error messages.
Target not created
Build target 'Target 1'
compiling main.c...
.\APP\BEEP\beep.h(12): warning:  #1-D: last line of file ends without a newline
.\APP\BEEP\beep.h:                                                                                                                      
.\APP\BEEP\beep.h:                                                                                                                      ^
.\APP\BEEP\beep.h: user\main.c: 1 warning, 0 errors
compiling stm32f10x_it.c...
compiling core_cm3.c...
compiling system_stm32f10x.c...
assembling startup_stm32f10x_hd.s...
compiling stm32f10x_gpio.c...
compiling stm32f10x_rcc.c...
compiling led.c...
compiling beep.c...
APP\BEEP\beep.h(12): warning:  #1-D: last line of file ends without a newline
APP\BEEP\beep.h:                                                                                                                        
APP\BEEP\beep.h:                                                                                                                        ^
APP\BEEP\beep.h: APP\BEEP\beep.c: 1 warning, 0 errors
linking...
.\output\test.axf: Error: L6200E: Symbol delay multiply defined (by beep.o and led.o).
.\output\test.axf: Not enough information to list image symbols.
.\output\test.axf: Not enough information to list the image map.
.\output\test.axf: Finished: 2 information, 0 warning and 1 error messages.
Target not created
compiling public.c...
user\public.c - 0 Error(s), 0 Warning(s).
Build target 'Target 1'
compiling main.c...
.\APP\BEEP\beep.h(12): warning:  #1-D: last line of file ends without a newline
.\APP\BEEP\beep.h:                                                                                                                      
.\APP\BEEP\beep.h:                                                                                                                      ^
.\APP\BEEP\beep.h: user\main.c: 1 warning, 0 errors
compiling stm32f10x_it.c...
compiling public.c...
compiling core_cm3.c...
compiling system_stm32f10x.c...
assembling startup_stm32f10x_hd.s...
compiling stm32f10x_gpio.c...
compiling stm32f10x_rcc.c...
compiling led.c...
compiling beep.c...
APP\BEEP\beep.h(12): warning:  #1-D: last line of file ends without a newline
APP\BEEP\beep.h:                                                                                                                        
APP\BEEP\beep.h:                                                                                                                        ^
APP\BEEP\beep.c(22): warning:  #223-D: function "delay" declared implicitly
APP\BEEP\beep.c:         delay (i);
APP\BEEP\beep.c:         ^
APP\BEEP\beep.c: APP\BEEP\beep.c: 2 warnings, 0 errors
linking...
Program Size: Code=2836 RO-data=336 RW-data=40 ZI-data=1632  
FromELF: creating hex file...
".\output\test.axf" - 0 Error(s), 3 Warning(s).
Build target 'Target 1'
compiling main.c...
.\APP\BEEP\beep.h(12): warning:  #1-D: last line of file ends without a newline
.\APP\BEEP\beep.h:                                                                                                                      
.\APP\BEEP\beep.h:                                                                                                                      ^
.\APP\BEEP\beep.h: user\main.c: 1 warning, 0 errors
compiling stm32f10x_it.c...
compiling public.c...
compiling core_cm3.c...
compiling system_stm32f10x.c...
assembling startup_stm32f10x_hd.s...
compiling stm32f10x_gpio.c...
compiling stm32f10x_rcc.c...
compiling led.c...
APP\LED\led.c(24): warning:  #223-D: function "delay" declared implicitly
APP\LED\led.c:          delay(6000000);
APP\LED\led.c:          ^
APP\LED\led.c: APP\LED\led.c: 1 warning, 0 errors
compiling beep.c...
APP\BEEP\beep.h(12): warning:  #1-D: last line of file ends without a newline
APP\BEEP\beep.h:                                                                                                                        
APP\BEEP\beep.h:                                                                                                                        ^
APP\BEEP\beep.c(22): warning:  #223-D: function "delay" declared implicitly
APP\BEEP\beep.c:         delay (i);
APP\BEEP\beep.c:         ^
APP\BEEP\beep.c: APP\BEEP\beep.c: 2 warnings, 0 errors
linking...
.\output\test.axf: Error: L6200E: Symbol delay multiply defined (by public.o and main.o).
.\output\test.axf: Not enough information to list image symbols.
.\output\test.axf: Not enough information to list the image map.
.\output\test.axf: Finished: 2 information, 0 warning and 1 error messages.
Target not created
Build target 'Target 1'
compiling main.c...
.\APP\BEEP\beep.h(11): warning:  #1-D: last line of file ends without a newline
.\APP\BEEP\beep.h:                                                                                                              
.\APP\BEEP\beep.h:                                                                                                              ^
.\APP\BEEP\beep.h: user\main.c: 1 warning, 0 errors
compiling stm32f10x_it.c...
compiling public.c...
compiling core_cm3.c...
compiling system_stm32f10x.c...
assembling startup_stm32f10x_hd.s...
compiling stm32f10x_gpio.c...
compiling stm32f10x_rcc.c...
compiling led.c...
APP\LED\led.c(24): warning:  #223-D: function "delay" declared implicitly
APP\LED\led.c:          delay(6000000);
APP\LED\led.c:          ^
APP\LED\led.c: APP\LED\led.c: 1 warning, 0 errors
compiling beep.c...
APP\BEEP\beep.h(11): warning:  #1-D: last line of file ends without a newline
APP\BEEP\beep.h:                                                                                                                
APP\BEEP\beep.h:                                                                                                                ^
APP\BEEP\beep.c(22): warning:  #223-D: function "delay" declared implicitly
APP\BEEP\beep.c:         delay (i);
APP\BEEP\beep.c:         ^
APP\BEEP\beep.c: APP\BEEP\beep.c: 2 warnings, 0 errors
linking...
.\output\test.axf: Error: L6200E: Symbol delay multiply defined (by public.o and main.o).
.\output\test.axf: Not enough information to list image symbols.
.\output\test.axf: Not enough information to list the image map.
.\output\test.axf: Finished: 2 information, 0 warning and 1 error messages.
Target not created
Build target 'Target 1'
compiling main.c...
.\APP\BEEP\beep.h(11): warning:  #1-D: last line of file ends without a newline
.\APP\BEEP\beep.h:                                                                                                              
.\APP\BEEP\beep.h:                                                                                                              ^
.\APP\BEEP\beep.h: user\main.c: 1 warning, 0 errors
compiling stm32f10x_it.c...
compiling public.c...
compiling core_cm3.c...
compiling system_stm32f10x.c...
assembling startup_stm32f10x_hd.s...
compiling stm32f10x_gpio.c...
compiling stm32f10x_rcc.c...
compiling led.c...
APP\LED\led.c(24): warning:  #223-D: function "delay" declared implicitly
APP\LED\led.c:          delay(6000000);
APP\LED\led.c:          ^
APP\LED\led.c: APP\LED\led.c: 1 warning, 0 errors
compiling beep.c...
APP\BEEP\beep.h(11): warning:  #1-D: last line of file ends without a newline
APP\BEEP\beep.h:                                                                                                                
APP\BEEP\beep.h:                                                                                                                ^
APP\BEEP\beep.c(22): warning:  #223-D: function "delay" declared implicitly
APP\BEEP\beep.c:         delay (i);
APP\BEEP\beep.c:         ^
APP\BEEP\beep.c: APP\BEEP\beep.c: 2 warnings, 0 errors
linking...
.\output\test.axf: Error: L6200E: Symbol delay multiply defined (by public.o and main.o).
.\output\test.axf: Not enough information to list image symbols.
.\output\test.axf: Not enough information to list the image map.
.\output\test.axf: Finished: 2 information, 0 warning and 1 error messages.
Target not created
Build target 'Target 1'
compiling main.c...
.\APP\BEEP\beep.h(11): warning:  #1-D: last line of file ends without a newline
.\APP\BEEP\beep.h:                                                                                                              
.\APP\BEEP\beep.h:                                                                                                              ^
.\APP\BEEP\beep.h: user\main.c: 1 warning, 0 errors
compiling stm32f10x_it.c...
compiling public.c...
compiling core_cm3.c...
compiling system_stm32f10x.c...
assembling startup_stm32f10x_hd.s...
compiling stm32f10x_gpio.c...
compiling stm32f10x_rcc.c...
compiling led.c...
compiling beep.c...
APP\BEEP\beep.h(11): warning:  #1-D: last line of file ends without a newline
APP\BEEP\beep.h:                                                                                                                
APP\BEEP\beep.h:                                                                                                                ^
APP\BEEP\beep.c(22): warning:  #223-D: function "delay" declared implicitly
APP\BEEP\beep.c:         delay (i);
APP\BEEP\beep.c:         ^
APP\BEEP\beep.c: APP\BEEP\beep.c: 2 warnings, 0 errors
linking...
Program Size: Code=2836 RO-data=336 RW-data=40 ZI-data=1632  
FromELF: creating hex file...
".\output\test.axf" - 0 Error(s), 3 Warning(s).
Build target 'Target 1'
compiling main.c...
.\APP\BEEP\beep.h(10): warning:  #1-D: last line of file ends without a newline
.\APP\BEEP\beep.h:                                                                                                      
.\APP\BEEP\beep.h:                                                                                                      ^
.\APP\BEEP\beep.h: user\main.c: 1 warning, 0 errors
compiling stm32f10x_it.c...
compiling public.c...
compiling core_cm3.c...
compiling system_stm32f10x.c...
assembling startup_stm32f10x_hd.s...
compiling stm32f10x_gpio.c...
compiling stm32f10x_rcc.c...
compiling led.c...
compiling beep.c...
APP\BEEP\beep.h(10): warning:  #1-D: last line of file ends without a newline
APP\BEEP\beep.h:                                                                                                        
APP\BEEP\beep.h:                                                                                                        ^
APP\BEEP\beep.c(22): warning:  #223-D: function "delay" declared implicitly
APP\BEEP\beep.c:         delay (i);
APP\BEEP\beep.c:         ^
APP\BEEP\beep.c: APP\BEEP\beep.c: 2 warnings, 0 errors
linking...
Program Size: Code=2836 RO-data=336 RW-data=40 ZI-data=1632  
FromELF: creating hex file...
".\output\test.axf" - 0 Error(s), 3 Warning(s).
Build target 'Target 1'
compiling beep.c...
APP\BEEP\beep.h(10): warning:  #1-D: last line of file ends without a newline
APP\BEEP\beep.h:                                                                                                        
APP\BEEP\beep.h:                                                                                                        ^
APP\BEEP\beep.c(22): warning:  #223-D: function "delay" declared implicitly
APP\BEEP\beep.c:         delay(i);
APP\BEEP\beep.c:         ^
APP\BEEP\beep.c: APP\BEEP\beep.c: 2 warnings, 0 errors
linking...
Program Size: Code=2836 RO-data=336 RW-data=40 ZI-data=1632  
FromELF: creating hex file...
".\output\test.axf" - 0 Error(s), 2 Warning(s).
