<html>
<body>
<pre>
<h1>礦ision Build Log</h1>
<h2>Project:</h2>
D:\学习\专业\研一\STM32学习\STM32\workspace\LED\LED.uvproj
Project File Date:  10/13/2016

<h2>Output:</h2>
Build target 'Target 1'
compiling main.c...
compiling stm32f10x_it.c...
compiling public.c...
user\public.c(1): warning:  #1-D: last line of file ends without a newline
user\public.c:   #include "public.h"
user\public.c:                      ^
user\public.c: user\public.c: 1 warning, 0 errors
compiling core_cm3.c...
compiling system_stm32f10x.c...
assembling startup_stm32f10x_hd.s...
compiling stm32f10x_gpio.c...
compiling stm32f10x_rcc.c...
compiling led.c...
linking...
Program Size: Code=2740 RO-data=336 RW-data=40 ZI-data=1632  
FromELF: creating hex file...
".\output\test.axf" - 0 Error(s), 1 Warning(s).
