<html>
<body>
<pre>
<h1>礦ision Build Log</h1>
<h2>Project:</h2>
D:\学习\专业\研一\STM32学习\STM32\workspace\ADLIGHT\lightcal.uvproj
Project File Date:  10/28/2016

<h2>Output:</h2>
Build target 'Target 1'
compiling main.c...
user\main.c(32): warning:  #177-D: variable "j" was declared but never referenced
user\main.c:    u8 i,dat[6],j;
user\main.c:                ^
user\main.c: user\main.c: 1 warning, 0 errors
compiling stm32f10x_it.c...
compiling public.c...
compiling core_cm3.c...
compiling system_stm32f10x.c...
assembling startup_stm32f10x_hd.s...
compiling stm32f10x_gpio.c...
compiling stm32f10x_rcc.c...
compiling stm32f10x_usart.c...
compiling misc.c...
compiling stm32f10x_exti.c...
compiling stm32f10x_tim.c...
compiling stm32f10x_adc.c...
compiling stm32f10x_bkp.c...
compiling stm32f10x_rtc.c...
compiling stm32f10x_pwr.c...
compiling stm32f10x_fsmc.c...
compiling led.c...
compiling systick.c...
compiling pwm.c...
compiling rs485.c...
compiling printf.c...
compiling iic.c...
compiling AT24CXX.c...
compiling ds18b20.c...
compiling adc.c...
compiling rtc.c...
compiling lcd_driver.c...
compiling gui.c...
compiling beep.c...
compiling exti.c...
compiling hwjs.c...
compiling key.c...
compiling smg.c...
compiling time.c...
compiling usart.c...
linking...
Program Size: Code=15474 RO-data=1874 RW-data=72 ZI-data=1632  
FromELF: creating hex file...
".\output\工程模板.axf" - 0 Error(s), 1 Warning(s).
