<html>
<body>
<pre>
<h1>礦ision Build Log</h1>
<h2>Project:</h2>
F:\STM32资料\实验程序\库函数版\实验25：LCD-ADC\工程模板\Template.uvproj
Project File Date:  12/08/2015

<h2>Output:</h2>
Rebuild target 'Target 1'
compiling main.c...
compiling stm32f10x_it.c...
compiling public.c...
compiling core_cm3.c...
compiling system_stm32f10x.c...
assembling startup_stm32f10x_hd.s...
compiling stm32f10x_gpio.c...
compiling stm32f10x_rcc.c...
compiling stm32f10x_usart.c...
compiling misc.c...
compiling stm32f10x_exti.c...
compiling stm32f10x_tim.c...
compiling stm32f10x_adc.c...
compiling stm32f10x_bkp.c...
compiling stm32f10x_rtc.c...
compiling stm32f10x_pwr.c...
compiling stm32f10x_fsmc.c...
compiling led.c...
compiling systick.c...
compiling pwm.c...
compiling rs485.c...
compiling printf.c...
compiling iic.c...
compiling AT24CXX.c...
compiling ds18b20.c...
compiling adc.c...
compiling rtc.c...
compiling lcd_driver.c...
compiling gui.c...
compiling beep.c...
compiling exti.c...
compiling hwjs.c...
compiling key.c...
compiling smg.c...
compiling time.c...
compiling usart.c...
linking...
Program Size: Code=15768 RO-data=1872 RW-data=72 ZI-data=1632  
FromELF: creating hex file...
".\output\工程模板.axf" - 0 Error(s), 0 Warning(s).
</pre>
</body>
</html>
