<html>
<body>
<pre>
<h1>礦ision Build Log</h1>
<h2>Tool Versions:</h2>
IDE-Version: μVision V5.22.0.0
Copyright (C) 2016 ARM Ltd and ARM Germany GmbH. All rights reserved.
License Information: Kun Peng, ZJU, LIC=FYKJJ-UBTI5-EHR8P-MZ9LX-IKFDI-HUB5Z
 
Tool Versions:
Toolchain:       MDK-ARM Plus  Version: 5.22
Toolchain Path:  C:\Keil_v5\ARM\ARMCC\Bin
C Compiler:      Armcc.exe V5.06 update 4 (build 422)
Assembler:       Armasm.exe V5.06 update 4 (build 422)
Linker/Locator:  ArmLink.exe V5.06 update 4 (build 422)
Library Manager: ArmAr.exe V5.06 update 4 (build 422)
Hex Converter:   FromElf.exe V5.06 update 4 (build 422)
CPU DLL:         SARMCM3.DLL V5.22
Dialog DLL:      DARMSTM.DLL V1.67.0.0
    Target DLL: AGDIRDI.DLL
Dialog DLL:      TARMSTM.DLL V1.66.0.0
 
<h2>Project:</h2>
D:\学习\专业\研一\STM32学习\STM32\workspace\USART\USART.uvprojx
Project File Date:  12/12/2016

<h2>Output:</h2>
*** Using Compiler 'V5.06 update 4 (build 422)', folder: 'C:\Keil_v5\ARM\ARMCC\Bin'
Rebuild target 'Target 1'
assembling startup_stm32f10x_hd.s...
compiling main.c...
compiling stm32f10x_it.c...
compiling public.c...
compiling system_stm32f10x.c...
compiling stm32f10x_gpio.c...
compiling core_cm3.c...
compiling stm32f10x_rcc.c...
compiling misc.c...
compiling stm32f10x_usart.c...
compiling stm32f10x_exti.c...
compiling led.c...
compiling beep.c...
APP\BEEP\beep.h(8): warning:  #1-D: last line of file ends without a newline
  												
APP\BEEP\beep.c(22): warning:  #223-D: function "delay" declared implicitly
  	 delay(i);
APP\BEEP\beep.c: 2 warnings, 0 errors
compiling stm32f10x_tim.c...
compiling systick.c...
compiling key.c...
compiling ext_in.c...
compiling pwm.c...
APP\pwm\pwm.h(9): warning:  #1-D: last line of file ends without a newline
  #endif
APP\pwm\pwm.c(81): warning:  #1-D: last line of file ends without a newline
  }
APP\pwm\pwm.c: 2 warnings, 0 errors
compiling digital.c...
APP\DIGITAL\digital.c(45): warning:  #223-D: function "delay_ms" declared implicitly
  	delay_ms(1000);
APP\DIGITAL\digital.c: 1 warning, 0 errors
compiling timer.c...
APP\timer\timer.h(6): warning:  #1-D: last line of file ends without a newline
  #endif
APP\timer\timer.c(26): warning:  #1-D: last line of file ends without a newline
  }
APP\timer\timer.c: 2 warnings, 0 errors
compiling usart232.c...
linking...
Program Size: Code=8328 RO-data=336 RW-data=44 ZI-data=1636  
FromELF: creating hex file...
".\output\test.axf" - 0 Error(s), 7 Warning(s).

<h2>Collection of Component include folders:</h2>
  D:\学习\专业\研一\STM32学习\STM32\workspace\USART\RTE\_Target_1
  C:\Keil_v5\ARM\PACK\Keil\STM32F1xx_DFP\2.1.0\Device\Include

<h2>Collection of Component Files used:</h2>
Build Time Elapsed:  00:00:04
</pre>
</body>
</html>
